yes
no
no
ultrasound
no
extremity
yes
no
left temporal lobe
no
cardiovascular
vasculature
no
mri diffusion weighted
brain
no
yes
no
yes
no
chest x ray
no
no
axial
no
yes
yes
no
no
no
no
yes
yes
yes
yes
yes
yes
yes
yes
yes
yes
yes
yes
yes
yes
yes
yes
yes
yes
yes
yes
yes
yes
no
no
no
no
no
no
no
no
yes
yes
yes
yes
yes
yes
yes
no
no
yes
no
no
no
no
yes
yes
yes
yes
yes
yes
yes
yes
yes
yes
yes
yes
yes
no
no
no
no
yes
yes
yes
yes
yes
yes
yes
yes
yes
yes
yes
yes
yes
yes
yes
yes
yes
yes
yes
yes
yes
no
no
no
no
yes
yes
yes
yes
yes
yes
yes
yes
yes
asymmetric
asymmetric
asymmetric
asymmetric
no
no
no
no
no
no
no
no
no
no
yes
yes
yes
yes
yes
yes
yes
yes
yes
yes
yes
yes
yes
yes
yes
yes
no
no
no
no
no
no
no
no
no
no
no
no
yes
yes
yes
yes
yes
yes
yes
yes
yes
yes
yes
yes
no
no
no
no
yes
yes
yes
yes
yes
yes
yes
yes
yes
yes
yes
yes
yes
yes
yes
yes
yes
yes
yes
no
no
no
no
yes
yes
yes
yes
yes
yes
yes
yes
yes
yes
yes
yes
yes
yes
yes
yes
yes
yes
yes
yes
yes
yes
yes
yes
yes
yes
yes
yes
no
no
yes
yes
yes
yes
yes
yes
yes
yes
yes
no
no
no
no
yes
yes
yes
yes
yes
no
no
no
no
yes
no
no
pulmonary nodule
pulmonary nodule
free air
free air
no
no
yes
yes
yes
yes
yes
yes
hypodense lesion
hypodense lesion
gi
yes
yes
yes
yes
yes
yes
yes
yes
yes
ring enhancing lesion
ring enhancing lesion
yes
yes
no
no
yes
yes
diffuse
diffuse
diffuse
ct
yes
yes
yes
yes
chest x ray
no
no
no
no
pancreas
pancreas
pancreas
pancreas
right upper lobe
right upper lobe
right upper lobe
right upper lobe
hypodense
hypodense
hypodense
left hepatic lobe
left hepatic lobe
left hepatic lobe
left hepatic lobe
lung
bilateral
bilateral
cirrhosis
cirrhosis
atherosclerotic calcification
atherosclerotic calcification
atherosclerotic calcification
atherosclerotic calcification
no
right parietal lobe
right parietal lobe
right parietal lobe
right parietal lobe
chest
yes
yes
yes
yes
metastasis
metastasis
axial
yes
enlarged
enlarged
enlarged
volume loss
volume loss
volume loss
volume loss
one
extraluminal air small fluid collection
no
no
no
no
no
no
no
no
nodular opacity
nodular opacity
extra axial at right choroidal fissure
prior surgery
prior surgery
no
no
no
ring enhancing lesion
yes
right temporal lobe
right temporal lobe
pancreas
pancreas
pancreas
pancreas
gallstone
gallstone
gallstone
gallstone
right
right
right
right
no
no
abscess
abscess
cystic lesion
cystic lesion
cystic lesion
yes
yes
yes
yes
middle mogul
middle mogul
middle mogul
yes
yes
yes
yes
yes
yes
right lung
right lung
enlarged fluid filled
yes
yes
yes
yes
pancreatic body
right lobe of liver
right lobe of liver
right lobe of liver
right lobe of liver
yes
yes
right hemisphere
right hemisphere
right pca
right pca
no
no
no
basal ganglion
right superior cavoatrial junction
right superior cavoatrial junction
right superior cavoatrial junction
right superior cavoatrial junction
yes
yes
yes
yes
no
yes
yes
ischemia
ischemia
yes
yes
yes
yes
suprasellar cistern
suprasellar cistern
suprasellar cistern
suprasellar cistern
no
no
axial
above
pa
4th 5th
t5
no
yes
no
no
no
le than half thorax
le than half thorax
no
no
yes
yes
no
none
5 cm
5 cm
5 cm
5 cm
ct
superior
high on image
right side
right side
right side
right side
right lung
right lung
right upper lobe
right upper lobe
yes
left side
left side
yes
periappendiceal fluid fat stranding
no
no
no
no
one
no
yes
kidney
no
no
no
no
yes
small bowel
small bowel
small bowel
one
one
no
no
yes
yes
no
no
left side
left temporal lobe
heart lung
yes
no
no
no
no
no
no
it is le than half width of thorax
no
no
left kidney
left kidney
left kidney
both
more dense
cystic lesion
le dense
surrounding tissue
le dense
surrounding tissue
no
no
no
no
no
above clavicle bilaterally
yes
gastrointestinal
no
no
no
no
yes
right lower lobe
right lower lobe
right lower lobe
right lower lobe
in thorasic aorta
in thorasic aorta
width of aorta
posterior to appendix
7th rib
7th rib
right
right
gastrointestinal
left
left
no
no
no
no
no
left
left
left lung
left lung
edematous
edematous
yes
right side
right lung base
anterior mediastinum
anterior mediastinum
right lung hilum
right lung hilum
no
no
no
no
left
left
left hemisphere
left hemisphere
right lobe
right lobe
right lobe
right lobe
no
no
no
no
no
no
no
no
no
no
no
no
no
no
no
no
no
no
no
no
on right shoulder.
yes
no
no
pacemaker
pacemaker
bullous lesion
no
anterior mediastinum
x ray
not seen here
in right hilum
in right hilum
upper right lobe
upper right lobe
no
no
no
no
right lung base
yes
yes
contrast in intestine
no
calcification
hypodense
no
yes
no
yes
no
no
left upper lobe
yes
no
no
no
yes
no
lung
no
no
imaging artifact
yes
contrast
posteroanterior
no
no
no
right frontal lobe
yes
no
no
no
no
axial
no
no
no
yes
no
it is shifted to right
no
occipital lobe
yes
yes
bit
yes
posterior horn of left lateral ventricle
liver
no
infarcted area
no
no
just one
no
fat accumulation
right frontal lobe
no
no
scoliosis
right
no
no
no
no
yes
yes
yes
yes
no
no
lateral ventricle
lateral ventricle
solid
solid
yes
yes
yes
yes
no
no
female
female
no
yes
no
no
no
no
no
no
no
no
10 20 minute
no
no
no
no
no
no
no
no
white matter
white matter
white matter
lateral ventricle
no
no
no
no
no
no
abscess
abscess
large bowel
large bowel
large bowel
large bowel
no
no
no
no
no
no
no
no
yes
no
no
no
no
no
no
no
no
lung bony thoracic cavity mediastinum great vessel
retroperitoneum; retroperitoneal space
yes
~15 minute potentially faster newer imaging system
no
yes
yes
yes
yes
yes
yes
yes
yes
fat
fat
no
no
yes
no
no
no
no
no
no
no
no
no
no
no
no
no
no
no
no
no
no
no
no
no
no
no
no
yes
no
no
no
no
no
no
no
no
no
no
no
medical process
medical process
no
no
moderate edema
moderate edema
moderate edema
moderate edema
yes
yes
yes
yes
yes
yes
yes
yes
yes
yes
yes
yes
yes
yes
yes
yes
yes
yes
yes
anterior to transverse colon
anterior to transverse colon
anterior to transverse colon
anterior to transverse colon
yes
yes
yes
no
no
yes
yes
yes
yes
yes
yes
yes
yes
no
no
no
no
ring enhancing lesion in left occipital lobe
ring enhancing lesion in left occipital lobe
ring enhancing lesion in left occipital lobe
ring enhancing lesion in left occipital lobe
yes
yes
yes
yes
yes
yes
yes
yes
parietal occipital lobe
parietal occipital lobe
parietal occipital lobe
parietal occipital lobe
pres
pres
yes
yes
cardiomegaly pulmonary edema
cardiomegaly pulmonary edema
yes
cns
yes
yes
yes
yes
yes
yes
yes
yes
cecum
cecum
cecum
cecum
no
no
no
no
no
cns
mass
mass
yes
yes
cxr
yes
yes
yes
gi
gi
yes
yes
yes
yes
yes
yes
yes
yes
yes
yes
yes
yes
coronal
yes
yes
yes
yes
ring enhancing lesion
ring enhancing lesion
ring enhancing lesion
ring enhancing lesion
right upper lobe
right upper lobe
yes
yes
yes
yes
yes
yes
yes
yes
yes
yes
left apical pneumothorax
left apical pneumothorax
left apical pneumothorax
left apical pneumothorax
yes
yes
yes
yes
yes
yes
yes
yes
yes
yes
yes
yes
vascular
vascular
yes
yes
yes
yes
yes
yes
fat
fat
fat
fat
no
no
no
no
cardiomegaly
cardiomegaly
cardiomegaly
cardiomegaly
yes
yes
yes
yes
yes
yes
yes
yes
yes
yes
sternotomy wire surgical clip
sternotomy wire surgical clip
sternotomy wire surgical clip
sternotomy wire surgical clip
head of pancreas
head of pancreas
coronal
flair mri
yes
yes
yes
yes
no
no
yes
yes
left lateral aspect of anterior peritoneum
left mid lung
yes
yes
4th ventricle
fat stranding around appendix thickened appendiceal wall dilated appendix appendicolith is seen a well
yes
no
no
yes
no
ring enhancing lesion in right frontal lobe
no
no
pa
right lenticular nucleus
no
yes
right side
yes
yes
no
air
yes
3rd rib
axial
x ray plain film
left kidney
no
liver
respiratory system
no
no
yes
abdomen
xrayplain film
omental caking
yes
yes
no
diffusion weighted imaging dwi
yes
right frontal lobe
pancreas
no
contrast ct gi iv contrast
no
left costophrenic angle is blunted
no
right side
left kidney
non contrast ct
no
left occipital lobe
no
no
yes
ct gi iv contrast
no
aorta
aorta inferior vena cava
yes
yes
left side
yes
no
subarachnoid
subarachnoid
subarachnoid
subarachnoid
medial rectus
medial rectus
medial rectus
medial rectus
imagine patient is laying down you are looking from foot
bowel content light up on image
right
right
ivc
ivc
no
chest xray
no
no
no
no
bilateral
bilateral
bilateral
bilateral
yes
yes
yes
yes
yes
loculated
loculated
loculated
loculated
yes
yes
left
yes
chest x ray
chest x ray
no
no
no
no
medial lateral rectus
medial lateral rectus
medial lateral rectus
medial lateral rectus
no
yes
yes
yes
yes
no
no
no
no
pineal gland
pineal gland
pineal gland
pineal gland
no
yes
yes
yes
yes
cardiac region
cardiac region
cardiac region
cardiac region
right side
right side
yes
yes
yes
yes
infarct
infarct
congenital developmental disorder history of surgery past manipulation
mr flair
mr flair
pa
pa
yes
yes
yes
yes
left
left
left
left
left
left
left
left
yes
yes
right cerebellum
right cerebellum
right cerebellum
right cerebellum
r frontal lobe
r frontal lobe
right cerebellum
right cerebellum
right cerebellum
right cerebellum
respiratory cardiac musculoskeletal
yes
yes
right
right
white matter
white matter
white matter
white matter
no
no
no
no
csf is white
no
t2
ring enhancing lesion
ring enhancing lesion
ring enhancing lesion
ring enhancing lesion
no
no
no
no
axial
axial
bilateral cerebellum
bilateral cerebellum
bilateral cerebellum
bilateral cerebellum
yes
yes
yes
yes
left parietal lobe
left parietal lobe
left parietal lobe
left parietal lobe
no
no
no
no
chest x ray
chest x ray
sternal wire
sternal wire
sternal wire
sternal wire
no
no
no
no
no
no
no
no
right sided aortic arch
right sided aortic arch
right sided aortic arch
right sided aortic arch
cerebellum
cerebellum
cerebellum
cerebellum
right frontal lobe
right frontal lobe
right frontal lobe
right frontal lobe
pa
yes
contrast
contrast
no
no
no
no
right lower lateral lung field
right lower lateral lung field
3.4 cm
3.4 cm
no
no
no
no
sella suprasellar cistern
sella suprasellar cistern
sella suprasellar cistern
sella suprasellar cistern
t2 weighted
t2 weighted
left kidney
left kidney
left kidney
left kidney
no
no
brain
brain
yes
yes
yes
yes
left thalamus basal ganglion
left thalamus basal ganglion
oculomotor nerve cn iii trigeminal nerve cn v
oculomotor nerve cn iii trigeminal nerve cn v
oculomotor nerve cn iii trigeminal nerve cn v
oculomotor nerve cn iii trigeminal nerve cn v
yes
yes
yes
yes
yes
t2
t2
pa xray
pa xray
basilar artery
basilar artery
t2 weighted
t2 weighted
no
contrast
yes
yes
yes
no
no
no
no
no
no
right hemisphere
right hemisphere
heterogeneous
heterogeneous
heterogeneous
heterogeneous
no
no
no
no
4th ventricle
4th ventricle
4th ventricle
4th ventricle
yes
right lateral ventricle
right lateral ventricle
right lateral ventricle
right lateral ventricle
brain
brain
dwi
dwi
yes
yes
yes
yes
right cerebellopontine angle
right cerebellopontine angle
no
no
no
no
axial
kidney
kidney
kidney
kidney
no
no
no
no
x ray
x ray
yes
yes
yes
yes
chest
dwi
dwi
upper lobe
upper lobe
upper lobe
upper lobe
no
no
no
no
no
no
axial
mrit1 weighted
hydrocephalus
hydrocephalus
yes
right upper lobe
right upper lobe
no
no
no
no
right
right
right
right
right
right
right
right
yes
yes
yes
yes
yes
right posteroinferior cerebellum
bleeding in right posteroinferior cerebellum
contrast
contrast
diffuse
diffuse
diffuse
diffuse
no
no
no
no
no
no
no
no
left cerebellum
left cerebellum
left cerebellum
left cerebellum
no
no
no
no
no
no
no
no
no
no
yes
yes
no
no
no
no
no
no
no
no
no
no
gallbladder
yes
rib
rib
rib
rib
choroid plexus
choroid plexus
lateral ventricle
lateral ventricle
no
no
no
no
no
no
no
no
no
no
no
no
cartilage is not well viewed by x ray
no
no
no
no
no
no
no
no
no
yes
no
lung marking present all way laterally to rib
no
no
no
no
right mainstem bronchus is more in line trachea than left
no
no
no
no
yes
yes
no
no
no
no
no
no
no
yes
air fluid level
air fluid level
air fluid level
air fluid level
intestine
intestine
intestine
intestine
no
no
no
no
stomach bubble
stomach bubble
stomach bubble
stomach bubble
no
no
left cerebellum
left cerebellum
right pica
right pica
sulcal effacement
sulcal effacement
sulcal effacement
sulcal effacement
no
no
no
no
temporal lobe
temporal lobe
temporal lobe
temporal lobe
l2
l2
l2 3
l2 3
lateral film a well a pa
no
no
no
no
maxillary sinus
maxillary sinus
left occipital lobe
left occipital lobe
left occipital lobe
left occipital lobe
no
right temporal lobe
right temporal lobe
right temporal lobe
right temporal lobe
no
no
no
no
air
yes
no
no
no
no
no
no
no
no
left kidney
left kidney
left kidney
left kidney
no
no
no
no
no
no
no
no
no
sacroiliac joint
no
no
no
no
no
no
no
no
fat
fat
fat
fat
no
no
no
no
right
right
no
no
no
no
yes
yes
yes
yes
rib
rib
no
no
no
no
no
no
no
no
no
no
no
no
no
no
no
no
varicocele
no
no
no
no
no
no
no
no
no
no
calcification
calcification
calcification
calcification
no
no
no
no
no
no
no
no
no
no
no
no
no
no
no
yes
yes
elliptical
elliptical
elliptical
elliptical
smooth
smooth
smooth
smooth
left temporal horn
left temporal horn
left temporal horn
left temporal horn
yes
yes
yes
yes
yes
yes
yes
yes
brain
ring enhancing
ring enhancing
ring enhancing
ring enhancing
right lung
right lung
right lung
right lung
right side of trachea
right side of trachea
right side of trachea
right side of trachea
posterior brain
yes
yes
yes
yes
yes
yes
yes
yes
hypoxic ischemic injury
loss of normal gray white matter junction
no
no
abdomen pelvis
abdomen pelvis
abdomen pelvis
abdomen pelvis
lateral third ventricular hydrocephalus
lateral third ventricular hydrocephalus
no
no
yes
yes
yes
yes
no
no
no
no
yes
retrocardiac
retrocardiac
retrocardiac
retrocardiac
below 7th rib in right lung.
single lung nodule
yes
yes
yes
yes
yes
yes
yes
yes
yes
yes
mri
no
no
blind loop syndrome
blind loop syndrome
blind ending loop of bowel arising from cecum
blind ending loop of bowel arising from cecum
no
no
pineal region
pineal region
pineal region
pineal region
yes
no
no
no
no
bilateral frontal lobe
bilateral frontal lobe
bilateral frontal lobe
bilateral frontal lobe
mri dwi
yes
right colon
right colon
right colon
right colon
pa
isointense
isointense
isointense
isointense
pa
hyperintense
hyperintense
hyperintense
hyperintense
iv contrast
no
yes
yes
yes
yes
yes
yes
yes
yes
yes
yes
yes
yes
yes
yes
diverticulitis
diverticulitis
yes
micronodular
micronodular
micronodular
micronodular
left rectus abdominus
left rectus abdominus
left rectus abdominus
left rectus abdominus
no
no
no
no
no
yes
yes
yes
yes
yes
nipple location
nipple location
nipple location
nipple location
bilateral frontal lobe body of corpus callosum
bilateral frontal lobe body of corpus callosum
bilateral frontal lobe body of corpus callosum
bilateral frontal lobe body of corpus callosum
yes
yes
yes
yes
pa
pa
distal basilar artery
distal basilar artery
distal basilar artery
yes
yes
suprasellar
suprasellar
suprasellar
suprasellar
mri flair
mri flair
no
no
no
no
yes
yes
yes
yes
yes
ct
ct
yes
yes
yes
yes
yes
yes
left aca mca
left aca mca
no
no
no
no
yes
yes
yes
yes
yes
x ray
x ray
yes
yes
yes
yes
brain
caudate putamen left parietal
anterior cerebrum
anterior cerebrum
anterior surface
anterior surface
yes
yes
yes
yes
ascites
ascites
ascites
ascites
mri flair
mri flair
no
no
axial
axial
yes
yes
yes
yes
right kidney
right kidney
right kidney
right kidney
contrast
hemorrhage
hemorrhage
hemorrhage
hemorrhage
yes
brain
kidney cyst
kidney cyst
contrast
yes
yes
yes
pericholecystic fluid
pericholecystic fluid
mrt2 weighted
mrt2 weighted
axial
axial
contrast
contrast
fatty infiltration
fatty infiltration
fatty infiltration
fatty infiltration
yes
jejunum
jejunum
jejunum
jejunum
axial
mradc map
mradc map
no
no
no
no
nodule
nodule
nodule
nodule
yes
x ray
yes
yes
descending colon
descending colon
descending colon
descending colon
thalamus left occipital lobe brainstem left cerebellum
thalamus left occipital lobe brainstem left cerebellum
thalamus left occipital lobe brainstem left cerebellum
thalamus left occipital lobe brainstem left cerebellum
yes
yes
yes
yes
pancreas
pancreas
pancreas
pancreas
adjacent to vertebra
yes
yes
yes
yes
yes
mrflair
mrflair
yes
yes
yes
yes
spleen
spleen
spleen
spleen
calcification
calcification
calcification
calcification
yes
yes
pleural effusion
pleural effusion
hip bone
no
no
yes
yes
yes
yes
yes
axial
multilobulated
multilobulated
yes
yes
no
no
no
no
ct
yes
yes
no
no
yes
yes
yes
yes
yes
yes
yes
4th ventricle
yes
yes
yes
yes
yes
yes
yes
yes
yes
no
no
temporal lateral occipital lobe
temporal lateral occipital lobe
bilateral
bilateral
no
yes
mixed intensity
mixed intensity
no
no
right temporal lobe
right temporal lobe
no
yes
yes
no
no
on left
on left
yes
4
4
acute stroke
decreased muscle bulk
6.5 x 6.2 x 8.8cm
6.5 x 6.2 x 8.8cm
no
no
yes
yes
no
no
right vertebral artery sign
right vertebral artery sign
no
yes
yes
left
left
yes
yes
left
no
no
yes
5cm
5cm
yes
ascending colon
yes
yes
yes
right
right
yes
yes
yes
yes
yes
yes
r hemidiaphragm
r hemidiaphragm
no
yes
yes
no
yes
yes
almost entire right side
almost entire right side
chest
no
yes
yes
yes
fluid
infarct
infarct
no
no
in vasculature
in vasculature
yes
yes
yes
pons
pons
no
no
no
mri
yes
no
no
necrotic tissue
mediport
xray
yes
2
2
midline
midline
no
no
no
no
fat
no
no
breast
no
no
yes
right
no
no
no
yes
yes
right
right
no
no
ct
yes
yes
double arch
yes
no
no
emphysema
no
no
no
no
reduced sulcus
reduced sulcus
yes
yes
black
black
right
right
yes
yes
yes
yes
yes
yes
heterogeneous
heterogeneous
no
man
yes
yes
yes
no
no
anterior mediastinum
cystic
one
one
no
no
pa
yes
yes
no
no
no
xray
no
yes
yes
yes
yes
no
no
infarct
infarct
no
no
yes
5mm
no
no
yes
yes
no
no
no
no
no
yes
no
yes
no
no
yes
left
no
no
bilateral parietal lobe
bilateral parietal lobe
yes
yes
yes
chronic sinusitis vs. hemorrhage
yes
yes
no
yes
yes
yes
frontal occipital
yes
yes
basal ganglion cerebellum cerebral cortex
yes
yes
axial
no
no
axial
white matter plaque
white matter plaque
yes
yes
in bowel
in bowel
no
plain film xray
axial
no
no
no
in bowel
yes
short section irregular contour
short section irregular contour
no
no
yes
yes
no
bilateral lung
one
one
yes
t2 weighted
yes
yes
2
2
no
no
axial
no
no
abscess
yes
yes
no
no
yes
hydropneumothorax
hydropneumothorax
yes
yes
yes
yes
stomach
one
one
yes
yes
basilar artery thrombosis
no
no
right
yes
yes
no
yes
yes
yes
yes
yes
in bowel
no
no
no
no
one
one
no
no
no
no
gadolinium
no
no
no
no
no
yes
yes
right side
no
no
no
no
right of midline superior to right hilum
yes
yes
no
yes
in midline
ct
no
no
2.5cm x 1.7cm x 1.6cm
no
no
axial
yes
yes
yes
radiolucent
hypointense
hypointense
yes
yes
yes
yes
yes
yes
no
mri
no
no
ct
ct
axial
axial
yes
yes
non enhanced
non enhanced
yes
ap
ap
mid abdomen
mid abdomen
yes
yes
chest radiograph
no
no
flair
yes
no
sigmoid flexture of colon
sigmoid flexture of colon
yes
yes
yes
yes
yes
yes
yes
yes
underneath right hemidiaphragm
underneath right hemidiaphragm
underneath right hemidiaphragm
underneath right hemidiaphragm
x ray
posterior fossa
posterior fossa
posterior fossa
posterior fossa
yes
yes
stomach
stomach
brain
no
no
yes
yes
right sylvian fissure
right sylvian fissure
right sylvian fissure
right sylvian fissure
no
no
yes
yes
right subclavian vein
right subclavian vein
right subclavian vein
right subclavian vein
yes
yes
yes
yes
yes
yes
yes
yes
yes
yes
yes
yes
normal
normal
axial
yes
yes
yes
yes
yes
pa
oral iv
oral iv
no
no
no
no
axial
pa
pa
base
lower lung field
motion
motion
diverticuli
diverticuli
diverticuli
diverticuli
basal ganglion
basal ganglion
basal ganglion
basal ganglion
axial
axial
psoas major muscle
psoas major muscle
psoas major muscle
psoas major muscle
axial
axial
yes
yes
yes
yes
subarachnoid
subarachnoid
subarachnoid
subarachnoid
yes
yes
yes
yes
yes
yes
mri
flair
flair
oral iv
oral iv
right
right
right
right
brain
yes
yes
mrit2 weighted
mrit2 weighted
posterior to gastric antrum
posterior to gastric antrum
rib
rib
no
no
no
no
calcified atherosclerosis
calcified atherosclerosis
cystic
cystic
cystic
no
non contrast
yes
yes
yes
yes
no
no
no
no
brain
no
no
no
no
no
no
right lobe of liver
right lobe of liver
right lobe of liver
right lobe of liver
aorta
aorta
aorta
aorta
right subdural hematoma
right subdural hematoma
right subdural hematoma
right subdural hematoma
appendix
appendix
appendix
appendix
soft tissue mass in region of terminal ileum mesenteric lymphadenopathy
soft tissue mass in region of terminal ileum mesenteric lymphadenopathy
hepatocellular carcioma
hepatocellular carcioma
yes
punctate
punctate
punctate
punctate
pleural effusion
pleural effusion
pa
no
no
right sided pleural effusion
right sided pleural effusion
right sided pleural effusion
right sided pleural effusion
right sided pleural effusion
right sided pleural effusion
right sided pleural effusion
right sided pleural effusion
right sided pleural effusion
right sided pleural effusion
cavum vergae
cavum vergae
no
no
no
no
gi
central hyperintensity surrounding hypointensity
central hyperintensity surrounding hypointensity
hyperintense
hyperintense
calcification
calcification
calcification
calcification
5.6cm focal predominantly hypodense
5.6cm focal predominantly hypodense
5.6cm focal predominantly hypodense
5.6cm focal predominantly hypodense
5.6cm focal predominantly hypodense
5.6cm focal predominantly hypodense
portal vein occlusion
portal vein
portal vein
no
no
no
no
yes
there is massive cerebral hemisphere edema
there is massive cerebral hemisphere edema
no
yes
axial
yes
no
no
no
no
axial
axial
retrocardiac
retrocardiac
retrocardiac
retrocardiac
no
no
nothing
left thalamus
left thalamus
small subdural hematoma cerebral edema
small subdural hematoma cerebral edema
small subdural hematoma cerebral edema
small subdural hematoma cerebral edema
no
no
no
no
proximal aspect of appendix
proximal aspect of appendix
adjacent to appendix
adjacent to appendix
adjacent to appendix
adjacent to appendix
no
left mca
left mca
no
no
no
no
no
m plaque
m plaque
m plaque
m plaque
yes
no
no
peritoneum
peritoneum
all three vascular distribution
all three vascular distribution
diffuse
diffuse
multiple sclerosis
multiple sclerosis
cerebrum lateral ventricle
cerebrum lateral ventricle
cerebrum lateral ventricle
cerebrum lateral ventricle
no
no
no
no
right convexity
right convexity
right convexity
right convexity
abnormal hyperintensity in right occipital lobe
abnormal hyperintensity in right occipital lobe
abnormal hyperintensity in right occipital lobe
abnormal hyperintensity in right occipital lobe
ct
no
pneumonia
pneumonia
no
no
air
air
air
air
no
fat
fat
fat
fat
hyperintensity of left basal ganglion
hyperintensity of left basal ganglion
hyperintensity of left basal ganglion
hyperintensity of left basal ganglion
yes
yes
yes
yes
no
no
yes
yes
yes
yes
no
no
no
no
no
no
no
no
no
no
no
no
yes
yes
yes
yes
partial silhouetting
partial silhouetting
partial silhouetting
partial silhouetting
splenule
splenule
no
no
no
no
no
no
no
no
necrosis
necrosis
posteriorly
posteriorly
right
right
yes
yes
yes
lung
right lung
right lung
right lung
right lung
yes
yes
no
no
no
no
head neck ct
biopsy
metastasis infection abcess glioblastoma
toxoplasma lymphoma abscess other brain tumor
hemorrhage
cancer
ureteral obstruction
ureteral obstruction
lentiform
biconvex
psoas muscle
psoas muscle
psoas muscle
psoas muscle
epidural hematoma
sinusitis
viral
parasitic
no
no
if heart diameter is greater than half diameter of thoracic cavity.
c t ratio
abcess
abcess
bronchiectasis
thickening of bronchus
no
no
no
no
no
no
no
no
csf is brightly lit
aorta enhancement
yes
yes
yes
yes
lateral ventricle
lateral ventricle
lateral ventricle
lateral ventricle
no
no
no
no
costophrenic angle blunting
fluid in pleural space
aorta is bright
enhancement of vessel
no
no
no
no
left
left
left
left
genetic
vascular
crescent
concave
no
yes
hydropneumothorax
hydropneumothorax
hydropneumothorax
hydropneumothorax
right mca
right mca
right mca
right mca
yes
yes
catheter
catheter
catheter
catheter
yes
yes
yes
yes
yes
yes
yes
yes
quadrantopia aphasia memory deficit etc.
motor weakness sensory deficit left neglect
no
no
no
no
viral inflammatory
cva
in cortex basal ganglion bilaterally
in cortex basal ganglion bilaterally
in cortex basal ganglion bilaterally
in cortex basal ganglion bilaterally
no
no
no
no
no
no
no
no
left lobe mass 1.5 x 1.8 cm
left lobe mass 1.5 x 1.8 cm
left lobe mass 1.5 x 1.8 cm
left lobe mass 1.5 x 1.8 cm
not sure
pituitary fossa
nephroblastomatosis
nephroblastomatosis
nephroblastomatosis
nephroblastomatosis
location of contrast
haustra
not sure
maybe
contrast
contrast
contrast
contrast
ruq pain jaundiceweight loss
abdominal pain
pleural plaque
pleural plaque
pleural plaque
pleural plaque
air
haustra
trace gallbladder emptying
cystic duct is more tortuous
tumor gallstone
stone cancer infection anatomic variant
gray matter
gray matter
bilateral lung
bilateral lung
bilateral lung
bilateral lung
yes
no
not sure
plica circulares
no
no
no
no
more acute mean more inflammation leading to enhancement
le enhancement
csf is white.
white versus grey matter brightness
adenopathy
infection
maybe
yes
paratracheal area
paratracheal area
paratracheal area
paratracheal area
not sure.
5%
rounded well defined pulmonary nodule varying in size pattern
rounded well defined pulmonary nodule varying in size pattern
pulmonary nodule
bilateral pleural effusion
bilateral pleural effusion
bilateral pleural effusion
bilateral pleural effusion
no
no
no
no
no
no
no
no
basal ganglion caudate putamen
basal ganglion caudate putamen
basal ganglion caudate putamen
basal ganglion caudate putamen
cerebellum
cerebellum
cerebellum
cerebellum
cardiopulmonary
cardiopulmonary
yes
yes
yes
yes
semi upright position
semi upright position
no
yes
sharp costophrenic angle
sharp costophrenic angle
no
no
no
no
no
no
no
right parietal
right parietal
right parietal
right parietal
horsehoe kidney
horsehoe kidney
horsehoe kidney
horsehoe kidney
diffuse
diffuse
posterior lung seen in image section
pneumothorax
no
no
bilateral
both side
exterior
outside
blunting of costophrenic angle loss of right hemidiaphragm right heart border
blunting of costophrenic angle loss of right hemidiaphragm right heart border
increased opacity in left retrocardiac region
increased opacity in left retrocardiac region
increased opacity in left retrocardiac region
increased opacity in left retrocardiac region
right paratracheal mass lesion
right paratracheal mass lesion
right paratracheal mass lesion
right paratracheal mass lesion
ring enhancing lesion
ring enhancing lesion
ring enhancing lesion
no
no
yes
no
no
no
no
yes
yes
yes
yes
it is enlarged prominence of aortic knob
it is enlarged prominence of aortic knob
it is enlarged prominence of aortic knob
it is enlarged prominence of aortic knob
well circumscribed
well circumscribed
exophytic cyst
shrunken nodular
shrunken nodular
shrunken nodular
shrunken nodular
infarct
embolus
no
no
no
no
yes
yes
no
no
no
no
cortical ribbon of right occipital lobe extension into right posterior temporal lobe
cortical ribbon of right occipital lobe extension into right posterior temporal lobe
cortical ribbon of right occipital lobe extension into right posterior temporal lobe
cortical ribbon of right occipital lobe extension into right posterior temporal lobe
irregular
irregular
infiltrative
infiltrative
12
12
12
12
no
no
no
no
on top of patient
on top of patient
' superficial to patient's skin'
' superficial to patient's skin'
yes
normal
flair
flair
flair
flair
yes
yes
nucleus pulposus
nucleus pulposus
