ultrasound
extremity
left temporal lobe
cardiovascular
vasculature
mri diffusion weighted
brain
chest x ray
axial
asymmetric
asymmetric
asymmetric
asymmetric
pulmonary nodule
pulmonary nodule
free air
free air
hypodense lesion
hypodense lesion
gi
ring enhancing lesion
ring enhancing lesion
diffuse
diffuse
diffuse
ct
chest x ray
pancreas
pancreas
pancreas
pancreas
right upper lobe
right upper lobe
right upper lobe
right upper lobe
hypodense
hypodense
hypodense
left hepatic lobe
left hepatic lobe
left hepatic lobe
left hepatic lobe
lung
bilateral
bilateral
cirrhosis
cirrhosis
atherosclerotic calcification
atherosclerotic calcification
atherosclerotic calcification
atherosclerotic calcification
right parietal lobe
right parietal lobe
right parietal lobe
right parietal lobe
chest
metastasis
metastasis
axial
enlarged
enlarged
enlarged
volume loss
volume loss
volume loss
volume loss
one
extraluminal air small fluid collection
nodular opacity
nodular opacity
extra axial at right choroidal fissure
prior surgery
prior surgery
ring enhancing lesion
right temporal lobe
right temporal lobe
pancreas
pancreas
pancreas
pancreas
gallstone
gallstone
gallstone
gallstone
right
right
right
right
abscess
abscess
cystic lesion
cystic lesion
cystic lesion
middle mogul
middle mogul
middle mogul
right lung
right lung
enlarged fluid filled
pancreatic body
right lobe of liver
right lobe of liver
right lobe of liver
right lobe of liver
right hemisphere
right hemisphere
right pca
right pca
basal ganglion
right superior cavoatrial junction
right superior cavoatrial junction
right superior cavoatrial junction
right superior cavoatrial junction
ischemia
ischemia
suprasellar cistern
suprasellar cistern
suprasellar cistern
suprasellar cistern
axial
above
pa
4th 5th
t5
le than half thorax
le than half thorax
none
5 cm
5 cm
5 cm
5 cm
ct
superior
high on image
right side
right side
right side
right side
right lung
right lung
right upper lobe
right upper lobe
left side
left side
periappendiceal fluid fat stranding
one
kidney
small bowel
small bowel
small bowel
one
one
left side
left temporal lobe
heart lung
it is le than half width of thorax
left kidney
left kidney
left kidney
both
more dense
cystic lesion
le dense
surrounding tissue
le dense
surrounding tissue
above clavicle bilaterally
gastrointestinal
right lower lobe
right lower lobe
right lower lobe
right lower lobe
in thorasic aorta
in thorasic aorta
width of aorta
posterior to appendix
7th rib
7th rib
right
right
gastrointestinal
left
left
left
left
left lung
left lung
edematous
edematous
right side
right lung base
anterior mediastinum
anterior mediastinum
right lung hilum
right lung hilum
left
left
left hemisphere
left hemisphere
right lobe
right lobe
right lobe
right lobe
on right shoulder.
pacemaker
pacemaker
bullous lesion
anterior mediastinum
x ray
not seen here
in right hilum
in right hilum
upper right lobe
upper right lobe
right lung base
contrast in intestine
calcification
hypodense
left upper lobe
lung
imaging artifact
contrast
posteroanterior
right frontal lobe
axial
it is shifted to right
occipital lobe
bit
posterior horn of left lateral ventricle
liver
infarcted area
just one
fat accumulation
right frontal lobe
scoliosis
right
lateral ventricle
lateral ventricle
solid
solid
female
female
10 20 minute
white matter
white matter
white matter
lateral ventricle
abscess
abscess
large bowel
large bowel
large bowel
large bowel
lung bony thoracic cavity mediastinum great vessel
retroperitoneum; retroperitoneal space
~15 minute potentially faster newer imaging system
fat
fat
medical process
medical process
moderate edema
moderate edema
moderate edema
moderate edema
anterior to transverse colon
anterior to transverse colon
anterior to transverse colon
anterior to transverse colon
ring enhancing lesion in left occipital lobe
ring enhancing lesion in left occipital lobe
ring enhancing lesion in left occipital lobe
ring enhancing lesion in left occipital lobe
parietal occipital lobe
parietal occipital lobe
parietal occipital lobe
parietal occipital lobe
pres
pres
cardiomegaly pulmonary edema
cardiomegaly pulmonary edema
cns
cecum
cecum
cecum
cecum
cns
mass
mass
cxr
gi
gi
coronal
ring enhancing lesion
ring enhancing lesion
ring enhancing lesion
ring enhancing lesion
right upper lobe
right upper lobe
left apical pneumothorax
left apical pneumothorax
left apical pneumothorax
left apical pneumothorax
vascular
vascular
fat
fat
fat
fat
cardiomegaly
cardiomegaly
cardiomegaly
cardiomegaly
sternotomy wire surgical clip
sternotomy wire surgical clip
sternotomy wire surgical clip
sternotomy wire surgical clip
head of pancreas
head of pancreas
coronal
flair mri
left lateral aspect of anterior peritoneum
left mid lung
4th ventricle
fat stranding around appendix thickened appendiceal wall dilated appendix appendicolith is seen a well
ring enhancing lesion in right frontal lobe
pa
right lenticular nucleus
right side
air
3rd rib
axial
x ray plain film
left kidney
liver
respiratory system
abdomen
xrayplain film
omental caking
diffusion weighted imaging dwi
right frontal lobe
pancreas
contrast ct gi iv contrast
left costophrenic angle is blunted
right side
left kidney
non contrast ct
left occipital lobe
ct gi iv contrast
aorta
aorta inferior vena cava
left side
subarachnoid
subarachnoid
subarachnoid
subarachnoid
medial rectus
medial rectus
medial rectus
medial rectus
imagine patient is laying down you are looking from foot
bowel content light up on image
right
right
ivc
ivc
chest xray
bilateral
bilateral
bilateral
bilateral
loculated
loculated
loculated
loculated
left
chest x ray
chest x ray
medial lateral rectus
medial lateral rectus
medial lateral rectus
medial lateral rectus
pineal gland
pineal gland
pineal gland
pineal gland
cardiac region
cardiac region
cardiac region
cardiac region
right side
right side
infarct
infarct
congenital developmental disorder history of surgery past manipulation
mr flair
mr flair
pa
pa
left
left
left
left
left
left
left
left
right cerebellum
right cerebellum
right cerebellum
right cerebellum
r frontal lobe
r frontal lobe
right cerebellum
right cerebellum
right cerebellum
right cerebellum
respiratory cardiac musculoskeletal
right
right
white matter
white matter
white matter
white matter
csf is white
t2
ring enhancing lesion
ring enhancing lesion
ring enhancing lesion
ring enhancing lesion
axial
axial
bilateral cerebellum
bilateral cerebellum
bilateral cerebellum
bilateral cerebellum
left parietal lobe
left parietal lobe
left parietal lobe
left parietal lobe
chest x ray
chest x ray
sternal wire
sternal wire
sternal wire
sternal wire
right sided aortic arch
right sided aortic arch
right sided aortic arch
right sided aortic arch
cerebellum
cerebellum
cerebellum
cerebellum
right frontal lobe
right frontal lobe
right frontal lobe
right frontal lobe
pa
contrast
contrast
right lower lateral lung field
right lower lateral lung field
3.4 cm
3.4 cm
sella suprasellar cistern
sella suprasellar cistern
sella suprasellar cistern
sella suprasellar cistern
t2 weighted
t2 weighted
left kidney
left kidney
left kidney
left kidney
brain
brain
left thalamus basal ganglion
left thalamus basal ganglion
oculomotor nerve cn iii trigeminal nerve cn v
oculomotor nerve cn iii trigeminal nerve cn v
oculomotor nerve cn iii trigeminal nerve cn v
oculomotor nerve cn iii trigeminal nerve cn v
t2
t2
pa xray
pa xray
basilar artery
basilar artery
t2 weighted
t2 weighted
contrast
right hemisphere
right hemisphere
heterogeneous
heterogeneous
heterogeneous
heterogeneous
4th ventricle
4th ventricle
4th ventricle
4th ventricle
right lateral ventricle
right lateral ventricle
right lateral ventricle
right lateral ventricle
brain
brain
dwi
dwi
right cerebellopontine angle
right cerebellopontine angle
axial
kidney
kidney
kidney
kidney
x ray
x ray
chest
dwi
dwi
upper lobe
upper lobe
upper lobe
upper lobe
axial
mrit1 weighted
hydrocephalus
hydrocephalus
right upper lobe
right upper lobe
right
right
right
right
right
right
right
right
right posteroinferior cerebellum
bleeding in right posteroinferior cerebellum
contrast
contrast
diffuse
diffuse
diffuse
diffuse
left cerebellum
left cerebellum
left cerebellum
left cerebellum
gallbladder
rib
rib
rib
rib
choroid plexus
choroid plexus
lateral ventricle
lateral ventricle
cartilage is not well viewed by x ray
lung marking present all way laterally to rib
right mainstem bronchus is more in line trachea than left
air fluid level
air fluid level
air fluid level
air fluid level
intestine
intestine
intestine
intestine
stomach bubble
stomach bubble
stomach bubble
stomach bubble
left cerebellum
left cerebellum
right pica
right pica
sulcal effacement
sulcal effacement
sulcal effacement
sulcal effacement
temporal lobe
temporal lobe
temporal lobe
temporal lobe
l2
l2
l2 3
l2 3
lateral film a well a pa
maxillary sinus
maxillary sinus
left occipital lobe
left occipital lobe
left occipital lobe
left occipital lobe
right temporal lobe
right temporal lobe
right temporal lobe
right temporal lobe
air
left kidney
left kidney
left kidney
left kidney
sacroiliac joint
fat
fat
fat
fat
right
right
rib
rib
varicocele
calcification
calcification
calcification
calcification
elliptical
elliptical
elliptical
elliptical
smooth
smooth
smooth
smooth
left temporal horn
left temporal horn
left temporal horn
left temporal horn
brain
ring enhancing
ring enhancing
ring enhancing
ring enhancing
right lung
right lung
right lung
right lung
right side of trachea
right side of trachea
right side of trachea
right side of trachea
posterior brain
hypoxic ischemic injury
loss of normal gray white matter junction
abdomen pelvis
abdomen pelvis
abdomen pelvis
abdomen pelvis
lateral third ventricular hydrocephalus
lateral third ventricular hydrocephalus
retrocardiac
retrocardiac
retrocardiac
retrocardiac
below 7th rib in right lung.
single lung nodule
mri
blind loop syndrome
blind loop syndrome
blind ending loop of bowel arising from cecum
blind ending loop of bowel arising from cecum
pineal region
pineal region
pineal region
pineal region
bilateral frontal lobe
bilateral frontal lobe
bilateral frontal lobe
bilateral frontal lobe
mri dwi
right colon
right colon
right colon
right colon
pa
isointense
isointense
isointense
isointense
pa
hyperintense
hyperintense
hyperintense
hyperintense
iv contrast
diverticulitis
diverticulitis
micronodular
micronodular
micronodular
micronodular
left rectus abdominus
left rectus abdominus
left rectus abdominus
left rectus abdominus
nipple location
nipple location
nipple location
nipple location
bilateral frontal lobe body of corpus callosum
bilateral frontal lobe body of corpus callosum
bilateral frontal lobe body of corpus callosum
bilateral frontal lobe body of corpus callosum
pa
pa
distal basilar artery
distal basilar artery
distal basilar artery
suprasellar
suprasellar
suprasellar
suprasellar
mri flair
mri flair
ct
ct
left aca mca
left aca mca
x ray
x ray
brain
caudate putamen left parietal
anterior cerebrum
anterior cerebrum
anterior surface
anterior surface
ascites
ascites
ascites
ascites
mri flair
mri flair
axial
axial
right kidney
right kidney
right kidney
right kidney
contrast
hemorrhage
hemorrhage
hemorrhage
hemorrhage
brain
kidney cyst
kidney cyst
contrast
pericholecystic fluid
pericholecystic fluid
mrt2 weighted
mrt2 weighted
axial
axial
contrast
contrast
fatty infiltration
fatty infiltration
fatty infiltration
fatty infiltration
jejunum
jejunum
jejunum
jejunum
axial
mradc map
mradc map
nodule
nodule
nodule
nodule
x ray
descending colon
descending colon
descending colon
descending colon
thalamus left occipital lobe brainstem left cerebellum
thalamus left occipital lobe brainstem left cerebellum
thalamus left occipital lobe brainstem left cerebellum
thalamus left occipital lobe brainstem left cerebellum
pancreas
pancreas
pancreas
pancreas
adjacent to vertebra
mrflair
mrflair
spleen
spleen
spleen
spleen
calcification
calcification
calcification
calcification
pleural effusion
pleural effusion
hip bone
axial
multilobulated
multilobulated
ct
4th ventricle
temporal lateral occipital lobe
temporal lateral occipital lobe
bilateral
bilateral
mixed intensity
mixed intensity
right temporal lobe
right temporal lobe
on left
on left
4
4
acute stroke
decreased muscle bulk
6.5 x 6.2 x 8.8cm
6.5 x 6.2 x 8.8cm
right vertebral artery sign
right vertebral artery sign
left
left
left
5cm
5cm
ascending colon
right
right
r hemidiaphragm
r hemidiaphragm
almost entire right side
almost entire right side
chest
fluid
infarct
infarct
in vasculature
in vasculature
pons
pons
mri
necrotic tissue
mediport
xray
2
2
midline
midline
fat
breast
right
right
right
ct
double arch
emphysema
reduced sulcus
reduced sulcus
black
black
right
right
heterogeneous
heterogeneous
man
anterior mediastinum
cystic
one
one
pa
xray
infarct
infarct
5mm
left
bilateral parietal lobe
bilateral parietal lobe
chronic sinusitis vs. hemorrhage
frontal occipital
basal ganglion cerebellum cerebral cortex
axial
axial
white matter plaque
white matter plaque
in bowel
in bowel
plain film xray
axial
in bowel
short section irregular contour
short section irregular contour
bilateral lung
one
one
t2 weighted
2
2
axial
abscess
hydropneumothorax
hydropneumothorax
stomach
one
one
basilar artery thrombosis
right
in bowel
one
one
gadolinium
right side
right of midline superior to right hilum
in midline
ct
2.5cm x 1.7cm x 1.6cm
axial
radiolucent
hypointense
hypointense
mri
ct
ct
axial
axial
non enhanced
non enhanced
ap
ap
mid abdomen
mid abdomen
chest radiograph
flair
sigmoid flexture of colon
sigmoid flexture of colon
underneath right hemidiaphragm
underneath right hemidiaphragm
underneath right hemidiaphragm
underneath right hemidiaphragm
x ray
posterior fossa
posterior fossa
posterior fossa
posterior fossa
stomach
stomach
brain
right sylvian fissure
right sylvian fissure
right sylvian fissure
right sylvian fissure
right subclavian vein
right subclavian vein
right subclavian vein
right subclavian vein
normal
normal
axial
pa
oral iv
oral iv
axial
pa
pa
base
lower lung field
motion
motion
diverticuli
diverticuli
diverticuli
diverticuli
basal ganglion
basal ganglion
basal ganglion
basal ganglion
axial
axial
psoas major muscle
psoas major muscle
psoas major muscle
psoas major muscle
axial
axial
subarachnoid
subarachnoid
subarachnoid
subarachnoid
mri
flair
flair
oral iv
oral iv
right
right
right
right
brain
mrit2 weighted
mrit2 weighted
posterior to gastric antrum
posterior to gastric antrum
rib
rib
calcified atherosclerosis
calcified atherosclerosis
cystic
cystic
cystic
non contrast
brain
right lobe of liver
right lobe of liver
right lobe of liver
right lobe of liver
aorta
aorta
aorta
aorta
right subdural hematoma
right subdural hematoma
right subdural hematoma
right subdural hematoma
appendix
appendix
appendix
appendix
soft tissue mass in region of terminal ileum mesenteric lymphadenopathy
soft tissue mass in region of terminal ileum mesenteric lymphadenopathy
hepatocellular carcioma
hepatocellular carcioma
punctate
punctate
punctate
punctate
pleural effusion
pleural effusion
pa
right sided pleural effusion
right sided pleural effusion
right sided pleural effusion
right sided pleural effusion
right sided pleural effusion
right sided pleural effusion
right sided pleural effusion
right sided pleural effusion
right sided pleural effusion
right sided pleural effusion
cavum vergae
cavum vergae
gi
central hyperintensity surrounding hypointensity
central hyperintensity surrounding hypointensity
hyperintense
hyperintense
calcification
calcification
calcification
calcification
5.6cm focal predominantly hypodense
5.6cm focal predominantly hypodense
5.6cm focal predominantly hypodense
5.6cm focal predominantly hypodense
5.6cm focal predominantly hypodense
5.6cm focal predominantly hypodense
portal vein occlusion
portal vein
portal vein
there is massive cerebral hemisphere edema
there is massive cerebral hemisphere edema
axial
axial
axial
retrocardiac
retrocardiac
retrocardiac
retrocardiac
nothing
left thalamus
left thalamus
small subdural hematoma cerebral edema
small subdural hematoma cerebral edema
small subdural hematoma cerebral edema
small subdural hematoma cerebral edema
proximal aspect of appendix
proximal aspect of appendix
adjacent to appendix
adjacent to appendix
adjacent to appendix
adjacent to appendix
left mca
left mca
m plaque
m plaque
m plaque
m plaque
peritoneum
peritoneum
all three vascular distribution
all three vascular distribution
diffuse
diffuse
multiple sclerosis
multiple sclerosis
cerebrum lateral ventricle
cerebrum lateral ventricle
cerebrum lateral ventricle
cerebrum lateral ventricle
right convexity
right convexity
right convexity
right convexity
abnormal hyperintensity in right occipital lobe
abnormal hyperintensity in right occipital lobe
abnormal hyperintensity in right occipital lobe
abnormal hyperintensity in right occipital lobe
ct
pneumonia
pneumonia
air
air
air
air
fat
fat
fat
fat
hyperintensity of left basal ganglion
hyperintensity of left basal ganglion
hyperintensity of left basal ganglion
hyperintensity of left basal ganglion
partial silhouetting
partial silhouetting
partial silhouetting
partial silhouetting
splenule
splenule
necrosis
necrosis
posteriorly
posteriorly
right
right
lung
right lung
right lung
right lung
right lung
head neck ct
biopsy
metastasis infection abcess glioblastoma
toxoplasma lymphoma abscess other brain tumor
hemorrhage
cancer
ureteral obstruction
ureteral obstruction
lentiform
biconvex
psoas muscle
psoas muscle
psoas muscle
psoas muscle
epidural hematoma
sinusitis
viral
parasitic
if heart diameter is greater than half diameter of thoracic cavity.
c t ratio
abcess
abcess
bronchiectasis
thickening of bronchus
csf is brightly lit
aorta enhancement
lateral ventricle
lateral ventricle
lateral ventricle
lateral ventricle
costophrenic angle blunting
fluid in pleural space
aorta is bright
enhancement of vessel
left
left
left
left
genetic
vascular
crescent
concave
hydropneumothorax
hydropneumothorax
hydropneumothorax
hydropneumothorax
right mca
right mca
right mca
right mca
catheter
catheter
catheter
catheter
quadrantopia aphasia memory deficit etc.
motor weakness sensory deficit left neglect
viral inflammatory
cva
in cortex basal ganglion bilaterally
in cortex basal ganglion bilaterally
in cortex basal ganglion bilaterally
in cortex basal ganglion bilaterally
left lobe mass 1.5 x 1.8 cm
left lobe mass 1.5 x 1.8 cm
left lobe mass 1.5 x 1.8 cm
left lobe mass 1.5 x 1.8 cm
not sure
pituitary fossa
nephroblastomatosis
nephroblastomatosis
nephroblastomatosis
nephroblastomatosis
location of contrast
haustra
not sure
maybe
contrast
contrast
contrast
contrast
ruq pain jaundiceweight loss
abdominal pain
pleural plaque
pleural plaque
pleural plaque
pleural plaque
air
haustra
trace gallbladder emptying
cystic duct is more tortuous
tumor gallstone
stone cancer infection anatomic variant
gray matter
gray matter
bilateral lung
bilateral lung
bilateral lung
bilateral lung
not sure
plica circulares
more acute mean more inflammation leading to enhancement
le enhancement
csf is white.
white versus grey matter brightness
adenopathy
infection
maybe
paratracheal area
paratracheal area
paratracheal area
paratracheal area
not sure.
5%
rounded well defined pulmonary nodule varying in size pattern
rounded well defined pulmonary nodule varying in size pattern
pulmonary nodule
bilateral pleural effusion
bilateral pleural effusion
bilateral pleural effusion
bilateral pleural effusion
basal ganglion caudate putamen
basal ganglion caudate putamen
basal ganglion caudate putamen
basal ganglion caudate putamen
cerebellum
cerebellum
cerebellum
cerebellum
cardiopulmonary
cardiopulmonary
semi upright position
semi upright position
sharp costophrenic angle
sharp costophrenic angle
right parietal
right parietal
right parietal
right parietal
horsehoe kidney
horsehoe kidney
horsehoe kidney
horsehoe kidney
diffuse
diffuse
posterior lung seen in image section
pneumothorax
bilateral
both side
exterior
outside
blunting of costophrenic angle loss of right hemidiaphragm right heart border
blunting of costophrenic angle loss of right hemidiaphragm right heart border
increased opacity in left retrocardiac region
increased opacity in left retrocardiac region
increased opacity in left retrocardiac region
increased opacity in left retrocardiac region
right paratracheal mass lesion
right paratracheal mass lesion
right paratracheal mass lesion
right paratracheal mass lesion
ring enhancing lesion
ring enhancing lesion
ring enhancing lesion
it is enlarged prominence of aortic knob
it is enlarged prominence of aortic knob
it is enlarged prominence of aortic knob
it is enlarged prominence of aortic knob
well circumscribed
well circumscribed
exophytic cyst
shrunken nodular
shrunken nodular
shrunken nodular
shrunken nodular
infarct
embolus
cortical ribbon of right occipital lobe extension into right posterior temporal lobe
cortical ribbon of right occipital lobe extension into right posterior temporal lobe
cortical ribbon of right occipital lobe extension into right posterior temporal lobe
cortical ribbon of right occipital lobe extension into right posterior temporal lobe
irregular
irregular
infiltrative
infiltrative
12
12
12
12
on top of patient
on top of patient
' superficial to patient's skin'
' superficial to patient's skin'
normal
flair
flair
flair
flair
nucleus pulposus
nucleus pulposus
